#-----------------------------------------------------------
# Vivado v2018.3 (64-bit)
# SW Build 2405991 on Thu Dec  6 23:38:27 MST 2018
# IP Build 2404404 on Fri Dec  7 01:43:56 MST 2018
# Start of session at: Sat Apr 24 20:42:04 2021
# Process ID: 60844
# Current directory: D:/Github/Computer-Architecture/Polaris_519030910245/Polaris_519030910245/lab05
# Command line: vivado.exe -gui_launcher_event rodinguilauncherevent52300 D:\Github\Computer-Architecture\Polaris_519030910245\Polaris_519030910245\lab05\lab05.xpr
# Log file: D:/Github/Computer-Architecture/Polaris_519030910245/Polaris_519030910245/lab05/vivado.log
# Journal file: D:/Github/Computer-Architecture/Polaris_519030910245/Polaris_519030910245/lab05\vivado.jou
#-----------------------------------------------------------
start_gui
open_project D:/Github/Computer-Architecture/Polaris_519030910245/Polaris_519030910245/lab05/lab05.xpr
update_compile_order -fileset sources_1
launch_simulation
open_wave_config D:/Github/Computer-Architecture/Polaris_519030910245/Polaris_519030910245/lab05/Top_tb_behav.wcfg
source Top_tb.tcl
relaunch_sim
relaunch_sim
close_sim
